---------------------
Tests for add_integer
---------------------

Importing module
>>> add_integer = __import__('0-add_integer').add_integer

Numbers
-------

Adding 2 integers
>>> add_integer(1, 2)
3

Subtracting 2 integers
>>> add_integer(100, -2)
98

Adding 2 integers (with b = 98)
>>> add_integer(2)
100

Subtracting 1 integer and 1 float
>>> add_integer(100.3, -2)
98

Adding 2 floats
>>> add_integer(2, float('inf'))
Traceback (most recent call last):
OverflowError: cannot convert float infinity to integer

Non Numbers
-----------

Adding 1 integer and 1 string
>>> add_integer(4, "School")
Traceback (most recent call last):
TypeError: b must be an integer

Adding nothing
>>> add_integer(None)
Traceback (most recent call last):
TypeError: a must be an integer

Adding 2 strings
>>> add_integer("Holberton", "School")
Traceback (most recent call last):
TypeError: a must be an integer

Adding 1 integer and nothing
>>> add_integer(3, None)
Traceback (most recent call last):
TypeError: b must be an integer

Adding NaN
>>> add_integer(float('NaN'))
Traceback (most recent call last):
ValueError: cannot convert float NaN to integer
