----------------------
Tests for print_square
----------------------

Importing module
>>> print_square = __import__('4-print_square').print_square

Numbers
-------
size is 4
>>> print_square(4)
####
####
####
####

size is 0
>>> print_square(0)

size is -1
>>> print_square(-1)
Traceback (most recent call last):
ValueError: size must be >= 0

size is 7.5
>>> print_square(7.5)
Traceback (most recent call last):
TypeError: size must be an integer


Non Numbers
-----------

size is a string
>>> print_square("Hello")
Traceback (most recent call last):
TypeError: size must be an integer
